wandb: Currently logged in as: pascal_felique (nordic-video-research) to https://api.wandb.ai. Use `wandb login --relogin` to force relogin
wandb: Currently logged in as: pascal_felique (nordic-video-research) to https://api.wandb.ai. Use `wandb login --relogin` to force relogin
wandb: Using wandb-core as the SDK backend.  Please refer to https://wandb.me/wandb-core for more information.
wandb: Tracking run with wandb version 0.19.6
wandb: Run data is saved locally in /home/scur1330/NNCV/wandb/wandb/run-20250614_163236-vjb03g6x
wandb: Run `wandb offline` to turn off syncing.
wandb: Syncing run unet-training-experiment-45
wandb: ⭐️ View project at https://wandb.ai/nordic-video-research/5lsm0-cityscapes-segmentation
wandb: 🚀 View run at https://wandb.ai/nordic-video-research/5lsm0-cityscapes-segmentation/runs/vjb03g6x
Load weights and biases from previous run
Epoch 0001/0100
Epoch 0002/0100
Epoch 0003/0100
Epoch 0004/0100
Epoch 0005/0100
Epoch 0006/0100
Epoch 0007/0100
Epoch 0008/0100
Epoch 0009/0100
Epoch 0010/0100
Epoch 0011/0100
Epoch 0012/0100
Epoch 0013/0100
Epoch 0014/0100
Epoch 0015/0100
Epoch 0016/0100
Epoch 0017/0100
Epoch 0018/0100
Epoch 0019/0100
Epoch 0020/0100
Epoch 0021/0100
Epoch 0022/0100
Epoch 0023/0100
Epoch 0024/0100
Epoch 0025/0100
Epoch 0026/0100
Epoch 0027/0100
Epoch 0028/0100
Epoch 0029/0100
Epoch 0030/0100
Epoch 0031/0100
Epoch 0032/0100
Epoch 0033/0100
Epoch 0034/0100
Epoch 0035/0100
Epoch 0036/0100
Epoch 0037/0100
Epoch 0038/0100
Epoch 0039/0100
Epoch 0040/0100
Epoch 0041/0100
Epoch 0042/0100
Epoch 0043/0100
Epoch 0044/0100
Epoch 0045/0100
Epoch 0046/0100
Epoch 0047/0100
Epoch 0048/0100
Epoch 0049/0100
Epoch 0050/0100
Epoch 0051/0100
Epoch 0052/0100
Epoch 0053/0100
Epoch 0054/0100
Epoch 0055/0100
Epoch 0056/0100
Epoch 0057/0100
Epoch 0058/0100
Epoch 0059/0100
Epoch 0060/0100
Epoch 0061/0100
Epoch 0062/0100
Epoch 0063/0100
Epoch 0064/0100
Epoch 0065/0100
Epoch 0066/0100
Epoch 0067/0100
Epoch 0068/0100
Epoch 0069/0100
Epoch 0070/0100
Epoch 0071/0100
Epoch 0072/0100
Epoch 0073/0100
Epoch 0074/0100
Epoch 0075/0100
Epoch 0076/0100
Epoch 0077/0100
Epoch 0078/0100
Epoch 0079/0100
Epoch 0080/0100
Epoch 0081/0100
Epoch 0082/0100
Epoch 0083/0100
Epoch 0084/0100
srun: Job step aborted: Waiting up to 32 seconds for job step to finish.
slurmstepd: error: *** JOB 12373611 ON gcn117 CANCELLED AT 2025-06-15T04:32:47 DUE TO TIME LIMIT ***
slurmstepd: error: *** STEP 12373611.0 ON gcn117 CANCELLED AT 2025-06-15T04:32:47 DUE TO TIME LIMIT ***

JOB STATISTICS
==============
Job ID: 12373611
Cluster: snellius
User/Group: scur1330/scur1330
State: TIMEOUT (exit code 0)
Nodes: 1
Cores per node: 32
CPU Utilized: 00:00:07
CPU Efficiency: 0.00% of 16-00:13:52 core-walltime
Job Wall-clock time: 12:00:26
Memory Utilized: 7.47 GB
Memory Efficiency: 4.15% of 180.00 GB (180.00 GB/node)
